[www.dovenestlodge.com/index.php/en/index.html]
[backblue.gif]
[fade.gif]
[index.html]
[www.dovenestlodge.com/components/com_sppagebuilder/assets/css/font-awesome-5.min947f.css]
[www.dovenestlodge.com/components/com_sppagebuilder/assets/css/font-awesome-v4-shims947f.css]
[www.dovenestlodge.com/components/com_sppagebuilder/assets/css/animate.min947f.css]
[www.dovenestlodge.com/components/com_sppagebuilder/assets/css/sppagebuilder947f.css]
[www.dovenestlodge.com/media/com_jce/site/css/content.mind666.css]
[www.dovenestlodge.com/templates/shaper_wayne_corp/css/bootstrap.min.css]
[www.dovenestlodge.com/plugins/system/helixultimate/assets/css/system-j3.min.css]
[www.dovenestlodge.com/templates/shaper_wayne_corp/css/font-awesome.min.css]
[www.dovenestlodge.com/templates/shaper_wayne_corp/css/template.css]
[www.dovenestlodge.com/templates/shaper_wayne_corp/css/presets/preset1.css]
[www.dovenestlodge.com/modules/mod_floating_buttons/assets/css/style.min.css]
[www.dovenestlodge.com/images/2022/03/29/lodge2.jpg]
[www.dovenestlodge.com/components/com_sppagebuilder/assets/js/common.js]
[www.dovenestlodge.com/media/system/js/core6c40.js]
[www.dovenestlodge.com/media/jui/js/jquery.min6c40.js]
[www.dovenestlodge.com/media/jui/js/jquery-noconflict6c40.js]
[www.dovenestlodge.com/media/jui/js/jquery-migrate.min6c40.js]
[www.dovenestlodge.com/components/com_sppagebuilder/assets/js/jquery.parallax947f.js]
[www.dovenestlodge.com/components/com_sppagebuilder/assets/js/sppagebuilder947f.js]
[www.dovenestlodge.com/templates/shaper_wayne_corp/js/popper.min.js]
[www.dovenestlodge.com/templates/shaper_wayne_corp/js/bootstrap.min.js]
[www.dovenestlodge.com/templates/shaper_wayne_corp/js/main.js]
[www.dovenestlodge.com/modules/mod_floating_buttons/assets/js/script.min.js]
[www.dovenestlodge.com/index.php/en/rooms.html]
[www.dovenestlodge.com/index.php/en/culinary-experience.html]
[www.dovenestlodge.com/images/dove-logo.png]
[www.dovenestlodge.com/images/dove-logo-small.png]
[www.dovenestlodge.com/index.php/en/pages.html]
[www.dovenestlodge.com/index.php/en/pages/events.html]
[www.dovenestlodge.com/index.php/en/conferencing.html]
[www.dovenestlodge.com/index.php/en/contact-us.html]
[www.dovenestlodge.com/index.php/en/blog.html]
[www.dovenestlodge.com/images/2023/07/27/dnl-rest3-1.jpg]
[www.dovenestlodge.com/index.php/en/cuisine.html]
[www.dovenestlodge.com/images/2022/03/24/birthday.jpg]
[www.dovenestlodge.com/index.php/en/events.html]
[www.dovenestlodge.com/images/2023/01/01/img_2892.jpg]
[www.dovenestlodge.com/index.php/en/accommodation.html]
[www.dovenestlodge.com/images/2022/03/23/naivasha-camping.jpg]
[www.dovenestlodge.com/images/2023/09/14/bars3.jpg]
[www.dovenestlodge.com/index.php/en/camping.html]
[www.dovenestlodge.com/index.php/en/bars.html]
[www.dovenestlodge.com/images/2022/03/29/conference.jpg]
[www.dovenestlodge.com/index.php/en/conference.html]
[www.dovenestlodge.com/images/2023/09/12/dnl-gym1-1.jpg]
[www.dovenestlodge.com/index.php/en/amenities.html]
[www.dovenestlodge.com/index.php/en/index.html]
[www.dovenestlodge.com/components/com_sppagebuilder/assets/css/font-awesome-5.min947f.css]
[www.dovenestlodge.com/components/com_sppagebuilder/assets/css/font-awesome-v4-shims947f.css]
[www.dovenestlodge.com/components/com_sppagebuilder/assets/css/animate.min947f.css]
[www.dovenestlodge.com/components/com_sppagebuilder/assets/css/sppagebuilder947f.css]
[www.dovenestlodge.com/media/com_jce/site/css/content.mind666.css]
[www.dovenestlodge.com/templates/shaper_wayne_corp/css/bootstrap.min.css]
[www.dovenestlodge.com/plugins/system/helixultimate/assets/css/system-j3.min.css]
[www.dovenestlodge.com/templates/shaper_wayne_corp/css/font-awesome.min.css]
[www.dovenestlodge.com/templates/shaper_wayne_corp/css/template.css]
[www.dovenestlodge.com/templates/shaper_wayne_corp/css/presets/preset1.css]
[www.dovenestlodge.com/modules/mod_floating_buttons/assets/css/style.min.css]
[www.dovenestlodge.com/index.php/en/index8641.html]
[www.dovenestlodge.com/components/com_sppagebuilder/assets/css/magnific-popup.css]
[www.dovenestlodge.com/components/com_sppagebuilder/assets/js/addons/text_block.js]
[www.dovenestlodge.com/components/com_sppagebuilder/assets/js/jquery.magnific-popup.min.js]
[www.dovenestlodge.com/images/demo/accomodation.jpg]
[www.dovenestlodge.com/images/2023/01/01/img_2856.jpg]
[www.dovenestlodge.com/images/2022/04/05/twin.jpg]
[www.dovenestlodge.com/images/2022/04/05/single.jpg]
[www.dovenestlodge.com/index.php/en/rooms.html]
[www.dovenestlodge.com/images/demo/dine1.jpg]
[www.dovenestlodge.com/images/2023/01/01/img_2427.jpg]
[www.dovenestlodge.com/images/2022/03/23/bonfire-barbecue.jpg]
[www.dovenestlodge.com/images/2022/03/29/wine.jpg]
[www.dovenestlodge.com/images/2023/01/01/img_2357.jpg]
[www.dovenestlodge.com/images/2022/04/10/culnary.jpg]
[www.dovenestlodge.com/images/2022/03/23/dine3.jpg]
[www.dovenestlodge.com/index.php/en/culinary-experience.html]
[www.dovenestlodge.com/images/demo/events3.jpg]
[www.dovenestlodge.com/images/2022/03/24/weddings.jpg]
[www.dovenestlodge.com/images/2022/03/24/camping.jpg]
[www.dovenestlodge.com/images/2022/03/24/outings.jpg]
[www.dovenestlodge.com/images/2022/03/24/team2.jpg]
[www.dovenestlodge.com/images/2022/03/24/party1.jpg]
[www.dovenestlodge.com/index.php/en/pages.html]
[www.dovenestlodge.com/images/demo/case-study-title-bg.jpg]
[www.dovenestlodge.com/index.php/en/pages/events.html]
[www.dovenestlodge.com/images/demo/conference.jpg]
[www.dovenestlodge.com/images/2022/04/10/dove-meeting.jpg]
[www.dovenestlodge.com/images/2022/04/10/243402789_1922831581227424_6532809308273831235_n.jpg]
[www.dovenestlodge.com/index.php/en/conferencing.html]
[www.dovenestlodge.com/components/com_sppagebuilder/assets/css/leaflet.css]
[www.dovenestlodge.com/components/com_sppagebuilder/assets/js/leaflet.js]
[www.dovenestlodge.com/components/com_sppagebuilder/assets/js/leaflet.provider.js]
[www.dovenestlodge.com/images/demo/contact.jpg]
[www.dovenestlodge.com/index.php/en/contact-us.html]
[www.dovenestlodge.com/media/system/js/caption6c40.js]
[www.dovenestlodge.com/plugins/content/powrshortcodes/powr_joomla.js]
[www.dovenestlodge.com/images/demo/naivasha1.jpg]
[www.dovenestlodge.com/images/61.jpg]
[www.dovenestlodge.com/index.php/en/blog7144.html]
[www.dovenestlodge.com/index.php/en/blog3c8b.html]
[www.dovenestlodge.com/images/2022/03/23/resorts1.jpg]
[www.dovenestlodge.com/index.php/en/blog0bc5.html]
[www.dovenestlodge.com/images/resort3.jpg]
[www.dovenestlodge.com/index.php/en/blogbf95.html]
[www.dovenestlodge.com/images/road-trip2.jpg]
[www.dovenestlodge.com/index.php/en/blog79be.html]
[www.dovenestlodge.com/images/2022/03/23/honeymoon2.jpg]
[www.dovenestlodge.com/index.php/en/blog.html]
[www.dovenestlodge.com/media/com_eventgallery/dist/eventgalleryb8be.css]
[www.dovenestlodge.com/media/com_eventgallery/dist/responsive-staticb8be.css]
[www.dovenestlodge.com/media/system/js/punycode6c40.js]
[www.dovenestlodge.com/media/system/js/validate6c40.js]
[www.dovenestlodge.com/media/com_eventgallery/dist/eventgalleryb8be.js]
[www.dovenestlodge.com/index.php/en/cuisine/cart.html]
[www.dovenestlodge.com/components/com_eventgallery/helpers/image2201.jpg]
[www.dovenestlodge.com/index.php/en/cuisine/download/dine/culinery1-jpg/index0def.html]
[www.dovenestlodge.com/components/com_eventgallery/helpers/imagee0ef.jpg]
[www.dovenestlodge.com/components/com_eventgallery/helpers/imageab1f.jpg]
[www.dovenestlodge.com/components/com_eventgallery/helpers/imageba6f.jpg]
[www.dovenestlodge.com/components/com_eventgallery/helpers/image02e9.jpg]
[www.dovenestlodge.com/index.php/en/cuisine.html]
[www.dovenestlodge.com/index.php/en/events/cart.html]
[www.dovenestlodge.com/components/com_eventgallery/helpers/imagee4bc.jpg]
[www.dovenestlodge.com/index.php/en/events/download/Events/events1-jpg/index0def.html]
[www.dovenestlodge.com/components/com_eventgallery/helpers/image6a3b.jpg]
[www.dovenestlodge.com/components/com_eventgallery/helpers/imageb795.jpg]
[www.dovenestlodge.com/index.php/en/events.html]
[www.dovenestlodge.com/index.php/en/accommodation/cart.html]
[www.dovenestlodge.com/components/com_eventgallery/helpers/imagebe83.jpg]
[www.dovenestlodge.com/components/com_eventgallery/helpers/image97ca.jpg]
[www.dovenestlodge.com/index.php/en/accommodation/download/Accommodation/acc1-jpg/index0def.html]
[www.dovenestlodge.com/components/com_eventgallery/helpers/imagef062.jpg]
[www.dovenestlodge.com/components/com_eventgallery/helpers/image4e4e.jpg]
[www.dovenestlodge.com/index.php/en/accommodation.html]
[www.dovenestlodge.com/index.php/en/camping/cart.html]
[www.dovenestlodge.com/components/com_eventgallery/helpers/image11f4.jpg]
[www.dovenestlodge.com/index.php/en/camping/download/Outdoor/outdoor1-jpg/index0def.html]
[www.dovenestlodge.com/components/com_eventgallery/helpers/image3c07.jpg]
[www.dovenestlodge.com/components/com_eventgallery/helpers/image5cb4.jpg]
[www.dovenestlodge.com/index.php/en/camping.html]
[www.dovenestlodge.com/index.php/en/bars/cart.html]
[www.dovenestlodge.com/components/com_eventgallery/helpers/image46c2.jpg]
[www.dovenestlodge.com/components/com_eventgallery/helpers/image0636.jpg]
[www.dovenestlodge.com/index.php/en/bars/download/Bars/bars1-jpg/index0def.html]
[www.dovenestlodge.com/components/com_eventgallery/helpers/image425b.jpg]
[www.dovenestlodge.com/components/com_eventgallery/helpers/imaged754.jpg]
[www.dovenestlodge.com/components/com_eventgallery/helpers/image50a0.jpg]
[www.dovenestlodge.com/index.php/en/bars.html]
[www.dovenestlodge.com/index.php/en/conference/cart.html]
[www.dovenestlodge.com/components/com_eventgallery/helpers/image411f.jpg]
[www.dovenestlodge.com/index.php/en/conference/download/Conferencing/confernce1-jpg/index0def.html]
[www.dovenestlodge.com/components/com_eventgallery/helpers/image02e5.jpg]
[www.dovenestlodge.com/components/com_eventgallery/helpers/imagedfdc.jpg]
[www.dovenestlodge.com/index.php/en/conference.html]
[www.dovenestlodge.com/index.php/en/amenities/cart.html]
[www.dovenestlodge.com/components/com_eventgallery/helpers/image6181.jpg]
[www.dovenestlodge.com/components/com_eventgallery/helpers/image39fa.jpg]
[www.dovenestlodge.com/index.php/en/amenities/download/Amenities/am1-jpg/index0def.html]
[www.dovenestlodge.com/components/com_eventgallery/helpers/imageef70.jpg]
[www.dovenestlodge.com/components/com_eventgallery/helpers/image7256.jpg]
[www.dovenestlodge.com/components/com_eventgallery/helpers/image52d0.jpg]
[www.dovenestlodge.com/index.php/en/amenities.html]
[www.dovenestlodge.com/index.php/en/index8641.html]
[www.dovenestlodge.com/components/com_sppagebuilder/assets/css/magnific-popup.css]
[www.dovenestlodge.com/components/com_sppagebuilder/assets/images/layers.png]
[www.dovenestlodge.com/components/com_sppagebuilder/assets/images/layers-2x.png]
[www.dovenestlodge.com/components/com_sppagebuilder/assets/images/marker-icon.png]
[www.dovenestlodge.com/components/com_sppagebuilder/assets/css/leaflet.css]
[www.dovenestlodge.com/index.php/en/blog7144.html]
[www.dovenestlodge.com/index.php/en/blog3c8b.html]
[www.dovenestlodge.com/index.php/en/blog0bc5.html]
[www.dovenestlodge.com/index.php/en/blogbf95.html]
[www.dovenestlodge.com/index.php/en/blog79be.html]
[www.dovenestlodge.com/media/com_eventgallery/dist/8676186dc9de003d30c3.png]
[www.dovenestlodge.com/media/com_eventgallery/dist/32a9dd5b285723bd10d2.png]
[www.dovenestlodge.com/media/com_eventgallery/dist/38e42950475fb41f652f.png]
[www.dovenestlodge.com/media/com_eventgallery/dist/f6c7a37349cc278875f8.gif]
[www.dovenestlodge.com/media/com_eventgallery/dist/03605b2467d43a9f4c63e0a5.eot]
[www.dovenestlodge.com/media/com_eventgallery/dist/fb685a7c7e4aae2d4d71e0a5.woff2]
[www.dovenestlodge.com/media/com_eventgallery/dist/03605b2467d43a9f4c63d41d.eot]
[www.dovenestlodge.com/media/com_eventgallery/dist/c589f72df384e3ef078be0a5.woff]
[www.dovenestlodge.com/media/com_eventgallery/dist/eventgalleryb8be.css]
[www.dovenestlodge.com/media/com_eventgallery/dist/responsive-staticb8be.css]
[www.dovenestlodge.com/media/com_eventgallery/dist/45f9f92a5bfbad4be12fe0a5.ttf]
[www.dovenestlodge.com/media/com_eventgallery/dist/eventgallery-cartb8be.css]
[www.dovenestlodge.com/media/com_eventgallery/dist/fd7873675ac92feb54eae0a5.svg]
[www.dovenestlodge.com/index.php/en/cuisine/cart.html]
[www.dovenestlodge.com/media/com_eventgallery/dist/eventgallery-cartb8be.js]
[www.dovenestlodge.com/index.php/en/events/cart.html]
[www.dovenestlodge.com/index.php/en/accommodation/cart.html]
[www.dovenestlodge.com/index.php/en/camping/cart.html]
[www.dovenestlodge.com/index.php/en/bars/cart.html]
[www.dovenestlodge.com/index.php/en/conference/cart.html]
[www.dovenestlodge.com/index.php/en/amenities/cart.html]
[www.dovenestlodge.com/media/com_eventgallery/dist/fd7873675ac92feb54eae0a5.svg]
[www.dovenestlodge.com/media/com_eventgallery/dist/eventgallery-cartb8be.css]
